// Jest Snapshot v1, https://goo.gl/fbAQLP

exports[`<Modal /> Modal functional and correctly rendering 1`] = `""`;
